// Jest Snapshot v1, https://goo.gl/fbAQLP

exports[`it should render header correctly 1`] = `ShallowWrapper {}`;
