// Jest Snapshot v1, https://goo.gl/fbAQLP

exports[`it should render Search correctly 1`] = `ShallowWrapper {}`;
